// Jest Snapshot v1, https://goo.gl/fbAQLP

exports[`<TagsOfCommunity /> render 1`] = `
<div>
  <HelmetWrapper
    defer={true}
    encodeSpecialCharacters={true}
  >
    <title>
      Tags
    </title>
    <meta
      content="Description of Tags"
      name="description"
    />
  </HelmetWrapper>
  <withReducer(withSaga(Connect(Tags)))
    Aside={
      <UNDEFINED
        communityId={1}
        suggestedTags={
          Array [
            Object {
              "id": 12,
            },
            Object {
              "id": 23,
            },
          ]
        }
      />
    }
    Content={
      <UNDEFINED
        existingTagsLoading={false}
        isLastFetch={false}
        loadMoreTags={[Function]}
        tags={
          Array [
            Object {
              "id": 1,
            },
            Object {
              "id": 2,
            },
          ]
        }
        text="text"
        typeInput={[Function]}
      />
    }
    communityId={1}
    currentCommunity={
      Object {
        "id": 1,
        "tags": Array [],
      }
    }
    sortTags={[Function]}
    tagsNumber={0}
  />
</div>
`;
