// Jest Snapshot v1, https://goo.gl/fbAQLP

exports[`TextEditorConfig snapshot test 1`] = `
Object {
  "apiKey": undefined,
  "menubar": false,
  "plugins": Array [
    "codesample textpattern advlist autolink lists link image preview textcolor",
    "searchreplace visualblocks code",
    "media contextmenu paste code help wordcount",
  ],
  "toolbar": "insert | undo redo | codesample formatselect | bold italic backcolor  | bullist numlist | help",
}
`;
