// Jest Snapshot v1, https://goo.gl/fbAQLP

exports[`Header test 1`] = `
<div>
  <Base
    className="d-flex align-items-center justify-content-between"
    position="top"
  >
    <div>
      <A
        href="/communities"
        to="/communities"
      >
        <Button
          isLink={true}
        >
          <FormattedMessage
            id="app.common.communities"
            values={Object {}}
          />
        </Button>
      </A>
      <A
        href="/communities/suggested"
        to="/communities/suggested"
      >
        <Button
          isLink={true}
        >
          <FormattedMessage
            id="app.containers.Communities.voting"
            values={Object {}}
          />
        </Button>
      </A>
    </div>
    <div>
      <Button
        className="d-inline-flex align-items-center px-0"
        id="app_Communities_GO_TO_CREATE_COMMUNITY_SCREEN_BUTTON_ID_header"
        isLink={true}
        onClick={[MockFunction]}
      >
        <img
          alt="icon"
          className="mr-2"
          src="IMAGE_MOCK"
        />
        <FormattedMessage
          id="app.containers.Communities.suggestCommunity"
          values={Object {}}
        />
      </Button>
    </div>
  </Base>
  <Base
    position="bottom"
  >
    <UNDEFINED
      languages={
        Object {
          "all": Object {
            "message": Object {
              "id": "app.common.all",
            },
            "sortBy": "",
          },
          "en": Object {
            "message": Object {
              "id": "app.common.en",
            },
            "sortBy": "en",
          },
          "ru": Object {
            "message": Object {
              "id": "app.common.ru",
            },
            "sortBy": "ru",
          },
        }
      }
    />
  </Base>
</div>
`;
