// Jest Snapshot v1, https://goo.gl/fbAQLP

exports[`CommunitiesView test 1`] = `
<div>
  <div
    className="mb-2 p-2"
    style={
      Object {
        "boxShadow": "0 0 2px rgba(0,0,0,0.2)",
      }
    }
  >
    <div
      className="mb-1 d-flex justify-content-between align-items-center"
    >
      <span>
        label
      </span>
      <div>
        <Link
          href="/communities/1/tags"
          replace={false}
          to="/communities/1/tags"
        >
          <button
            className="btn btn-secondary"
          >
            <FormattedMessage
              defaultMessage="Tags"
              id="app.containers.Communities.tags"
              values={Object {}}
            />
          </button>
        </Link>
        <withReducer(withSaga(Connect(FollowCommunityButton)))
          communityIdFilter={1}
        />
      </div>
    </div>
    <TagsList
      communities={
        Array [
          Object {
            "id": 1,
            "label": "label",
            "popularity": 10,
            "value": 1,
          },
        ]
      }
      communityId={1}
    />
  </div>
</div>
`;
