// Jest Snapshot v1, https://goo.gl/fbAQLP

exports[`Header test 1`] = `
<div>
  <Base
    position="top"
  >
    <div>
      <A
        href="/communities"
        to="/communities"
      >
        <Button
          isLink={true}
        >
          <FormattedMessage
            id="app.common.communities"
            values={Object {}}
          />
        </Button>
      </A>
      <A
        href="/communities/suggested"
        to="/communities/suggested"
      >
        <Button
          isLink={true}
        >
          <FormattedMessage
            id="app.containers.Communities.voting"
            values={Object {}}
          />
        </Button>
      </A>
    </div>
    <div
      className="right-panel"
    >
      <button
        className="d-flex align-items-center"
        id="app_Communities_GO_TO_CREATE_COMMUNITY_SCREEN_BUTTON_ID_header"
        onClick={[MockFunction]}
      >
        <img
          alt="icon"
          className="mr-1"
          src="IMAGE_MOCK"
        />
        <Span
          color="#576fed"
        >
          <FormattedMessage
            id="app.containers.Communities.suggestCommunity"
            values={Object {}}
          />
        </Span>
      </button>
    </div>
  </Base>
  <UNDEFINED
    languages={
      Object {
        "all": Object {
          "message": Object {
            "id": "app.common.all",
          },
          "sortBy": "",
        },
        "en": Object {
          "message": Object {
            "id": "app.common.en",
          },
          "sortBy": "en",
        },
        "ru": Object {
          "message": Object {
            "id": "app.common.ru",
          },
          "sortBy": "ru",
        },
      }
    }
  />
</div>
`;
