// Jest Snapshot v1, https://goo.gl/fbAQLP

exports[`<EditProfilePage> render test 1`] = `
<Connect(Profile)
  userId={null}
>
  <UserNavigation
    account="user1"
    userId={null}
  />
  <Base
    position="bottom"
  >
    <InjectIntl(Connect(ReduxForm))
      isProfileSaving={false}
      profile={
        Object {
          "profile": Object {},
        }
      }
      saveProfile={[Function]}
    />
  </Base>
</Connect(Profile)>
`;
