// Jest Snapshot v1, https://goo.gl/fbAQLP

exports[`ProfileForm renders correctly 1`] = `
<form>
  <div>
    <div>
      <h6
        className="text-danger"
      />
    </div>
    <div>
      <h6 />
      <input
        className="form-control"
        name="app/Profile/DISPLAY_NAME_FIELD"
        onBlur={[Function]}
        onChange={[Function]}
        onDragStart={[Function]}
        onDrop={[Function]}
        onFocus={[Function]}
        readOnly={true}
        type="text"
        value=""
      />
      <h6
        className="text-danger"
      />
    </div>
    <div>
      <h6 />
      <input
        className="form-control"
        name="app/Profile/POSITION_FIELD"
        onBlur={[Function]}
        onChange={[Function]}
        onDragStart={[Function]}
        onDrop={[Function]}
        onFocus={[Function]}
        readOnly={true}
        type="text"
        value=""
      />
      <h6
        className="text-danger"
      />
    </div>
    <div>
      <h6 />
      <input
        className="form-control"
        name="app/Profile/COMPANY_FIELD"
        onBlur={[Function]}
        onChange={[Function]}
        onDragStart={[Function]}
        onDrop={[Function]}
        onFocus={[Function]}
        readOnly={true}
        type="text"
        value=""
      />
      <h6
        className="text-danger"
      />
    </div>
    <div>
      <h6 />
      <textarea
        className="form-control"
        name="app/Profile/ABOUT_FIELD"
        onBlur={[Function]}
        onChange={[Function]}
        onDragStart={[Function]}
        onDrop={[Function]}
        onFocus={[Function]}
        readOnly={true}
        value=""
      />
      <h6
        className="text-danger"
      />
    </div>
    <div>
      <h6 />
      <div
        className="position-relative mb-0"
      >
        <input
          autoComplete="off"
          className="form-control mb-0"
          name="app/Profile/LOCATION_FIELD"
          onBlur={[Function]}
          onChange={[Function]}
          onDragStart={[Function]}
          onDrop={[Function]}
          onFocus={[Function]}
          readOnly={true}
          type="text"
        />
      </div>
    </div>
  </div>
</form>
`;
