// Jest Snapshot v1, https://goo.gl/fbAQLP

exports[`NoSuggestedCommunities test 1`] = `
<div
  className="text-center"
>
  <FormattedMessage
    defaultMessage="There are no suggested communities"
    id="app.containers.SuggestedCommunities.noSuggestedCommunities"
    values={Object {}}
  />
</div>
`;
