// Jest Snapshot v1, https://goo.gl/fbAQLP

exports[`SuggestedCommunitiesView test 1`] = `
<div>
  <div
    className="d-flex p-3 my-3"
    style={
      Object {
        "boxShadow": "0 0 1px rgba(0,0,0,0.2)",
      }
    }
  >
    <div
      className="mx-2"
    >
      <div
        className="mb-3"
      >
        <button
          data-communityid={1}
          data-creator="user"
          id="app_SuggestedCommunities_UPVOTE_BUTTON_ID_1"
          onClick={[MockFunction]}
        >
          <FontAwesomeIcon
            border={false}
            className="chevron chevron-up"
            fixedWidth={false}
            flip={null}
            icon="chevron-up"
            inverse={false}
            listItem={false}
            mask={null}
            pull={null}
            pulse={false}
            rotation={null}
            size={null}
            spin={false}
            symbol={false}
            title=""
            transform={null}
          />
        </button>
      </div>
      <div
        className="mb-3 text-center"
      >
        1
      </div>
      <div
        className="mb-3"
      >
        <button
          data-communityid={1}
          id="app_SuggestedCommunities_DOWNVOTE_BUTTON_ID_1"
          onClick={[MockFunction]}
        >
          <FontAwesomeIcon
            border={false}
            className="chevron chevron-down"
            fixedWidth={false}
            flip={null}
            icon="chevron-down"
            inverse={false}
            listItem={false}
            mask={null}
            pull={null}
            pulse={false}
            rotation={null}
            size={null}
            spin={false}
            symbol={false}
            title=""
            transform={null}
          />
        </button>
      </div>
    </div>
    <div>
      <img
        alt="com_avtr"
        src="avatar"
        width="100px"
      />
    </div>
    <div
      className="px-2"
    >
      <p>
        name
      </p>
      <p>
        description
      </p>
    </div>
  </div>
</div>
`;
