// Jest Snapshot v1, https://goo.gl/fbAQLP

exports[`QuestionForProfilePage snapshot test 1`] = `
<Base
  className="d-flex flex-grow-1"
  position="left"
>
  <div
    className="d-flex flex-column mr-4"
  >
    <Span
      bold={true}
    >
      10
    </Span>
    <AcceptedQuestionBadge
      acceptedAnswer={true}
      isMyAnswerAccepted={true}
      postType="question"
    />
    <TopCommunityBadge
      isTheLargestRating={true}
      postType="question"
    />
  </div>
  <div
    className="d-flex flex-column flex-grow-1"
  >
    <p>
      <A
        href="/users/user1#questions"
        to="/users/user1#questions"
      >
        <Span
          bold={true}
          fontSize="24"
        >
          title
        </Span>
      </A>
    </p>
    <p
      className="d-flex align-items-center my-1"
    >
      <Span
        className="text-capitalize mr-3"
        color="gray"
        fontSize="14"
      >
        <FormattedMessage
          id="app.containers.Profile.asked"
          values={Object {}}
        />
        <span
          className="pl-1"
        >
          <div>
            postTime
          </div>
        </span>
      </Span>
      <QuestionCommunity
        communities={Array []}
        communityId="10100101"
      />
    </p>
  </div>
</Base>
`;
