// Jest Snapshot v1, https://goo.gl/fbAQLP

exports[`<SelectAccount /> should match the snapshot 1`] = `
<div>
  <p>
    <span>
      Scatter account was not selected.
    </span>
  </p>
  <button
    className="btn btn-secondary w-50 d-block mx-auto py-2"
  >
    <span>
      Select identity
    </span>
  </button>
  <hr />
  <button
    className="btn btn-link w-100 d-block mx-auto"
  >
    <small>
      &lt; 
       
      <span>
        Back to options
      </span>
    </small>
  </button>
</div>
`;
