// Jest Snapshot v1, https://goo.gl/fbAQLP

exports[`<TagsCollection /> render 1`] = `
<div>
  <UNDEFINED
    keywords={
      Array [
        Array [],
      ]
    }
    language="en"
    title="Tags collection"
  />
  <UNDEFINED />
  <UNDEFINED
    communities={
      Array [
        Object {
          "id": 1,
          "tags": Array [],
        },
      ]
    }
  />
  <UNDEFINED />
</div>
`;
