// Jest Snapshot v1, https://goo.gl/fbAQLP

exports[`TextInputField test test 1`] = `
<UNDEFINED
  label="label"
  meta={Object {}}
  tip="tip"
>
  <Input
    disabled={false}
    input={Object {}}
    isSearchable={false}
    placeholder="placeholder"
    readOnly={false}
    type="text"
  />
</UNDEFINED>
`;
