// Jest Snapshot v1, https://goo.gl/fbAQLP

exports[`WarningMessage test test by snapshots touched: false, 1`] = `null`;

exports[`WarningMessage test test by snapshots touched: true, error: true 1`] = `
<div
  className="d-flex align-items-center className"
>
  <UNDEFINED
    className="d-none d-xl-inline"
    icon="
  <svg xmlns=\\"http://www.w3.org/2000/svg\\" width=\\"4\\" height=\\"38\\" viewBox=\\"0 0 4 38\\">
      <g fill=\\"#bdbdbd\\" fill-rule=\\"nonzero\\" stroke=\\"#bdbdbd\\">
          <path d=\\"M4 15.968l-2.573 2.555L4 21.115v.495l-.464.461-3.524-3.548L3.56 15l.44.443v.525z\\"/>
          <path d=\\"M3 0h1v16H3zM3 21.2h1v16H3z\\"/>
      </g>
  </svg>
"
  />
  <Span
    color="#7b7b7b"
    fontSize="14"
    isItalic={true}
  >
    formatMessage
  </Span>
</div>
`;

exports[`WarningMessage test test by snapshots touched: true, warning: true 1`] = `
<div
  className="d-flex align-items-center className"
>
  <UNDEFINED
    className="d-none d-xl-inline"
    icon="
  <svg xmlns=\\"http://www.w3.org/2000/svg\\" width=\\"4\\" height=\\"38\\" viewBox=\\"0 0 4 38\\">
      <g fill=\\"#bdbdbd\\" fill-rule=\\"nonzero\\" stroke=\\"#bdbdbd\\">
          <path d=\\"M4 15.968l-2.573 2.555L4 21.115v.495l-.464.461-3.524-3.548L3.56 15l.44.443v.525z\\"/>
          <path d=\\"M3 0h1v16H3zM3 21.2h1v16H3z\\"/>
      </g>
  </svg>
"
  />
  <Span
    color="#7b7b7b"
    fontSize="14"
    isItalic={true}
  >
    formatMessage
  </Span>
</div>
`;
