// Jest Snapshot v1, https://goo.gl/fbAQLP

exports[`Wrapper test 1`] = `
<div
  className="mb-2"
>
  <Span>
    label
  </Span>
  <div
    className="row align-items-center mb-2"
  >
    <div
      className="col-xl-7 mb-1"
    >
      <div>
        123
      </div>
    </div>
    <UNDEFINED
      className="col-xl-5"
      tip="tip"
    />
  </div>
</div>
`;
