// Jest Snapshot v1, https://goo.gl/fbAQLP

exports[`Tips test 1`] = `
<Base>
  <Span
    className="mb-3"
  >
    <FormattedMessage
      id="app.common.tips"
      values={Object {}}
    />
  </Span>
  <Tips__Ul>
    <li>
      <FormattedMessage
        id="app.containers.CreateCommunity.imageWillBeTheFace"
        values={Object {}}
      />
    </li>
    <li>
      <FormattedMessage
        id="app.containers.CreateCommunity.specifyMemorableTitle"
        values={Object {}}
      />
    </li>
    <li>
      <FormattedMessage
        id="app.containers.CreateCommunity.communityDescriptionShouldBe"
        values={Object {}}
      />
    </li>
    <li>
      <FormattedMessage
        id="app.containers.CreateCommunity.writeWhyDoWeeNeed"
        values={Object {}}
      />
    </li>
  </Tips__Ul>
  <ul>
    <li>
      <A
        href="/faq"
        to="/faq"
      >
        <FormattedMessage
          id="app.containers.CreateCommunity.whatIsCommunity"
          values={Object {}}
        />
      </A>
    </li>
    <li>
      <A
        href="/faq"
        to="/faq"
      >
        <FormattedMessage
          id="app.containers.CreateCommunity.whoManagesCommunities"
          values={Object {}}
        />
      </A>
    </li>
  </ul>
</Base>
`;
