// Jest Snapshot v1, https://goo.gl/fbAQLP

exports[`AskQuestion snapshot test 1`] = `
<div>
  <UNDEFINED
    description="Ask question | Description"
    index={false}
    language="en"
    title="Ask question"
  />
  <UNDEFINED
    form="app/AskQuestion/ASK_QUESTION_FORM"
    formTitle="Ask question"
    questionLoading={false}
    sendQuestion={[Function]}
    submitButtonId="app_post_question_button"
    submitButtonName="Post question"
  />
</div>
`;
