// Jest Snapshot v1, https://goo.gl/fbAQLP

exports[`UserAuthNavLinks 1`] = `
<div
  className="auth-button-group"
>
  <button
    className="btn btn-secondary my-2 my-sm-0 mr-2"
  >
    <FormattedMessage
      defaultMessage="Sign Up"
      id="app.components.Header.signUp"
      values={Object {}}
    />
  </button>
  <button
    className="btn btn-secondary my-2 my-sm-0"
  >
    <FormattedMessage
      defaultMessage="Log in"
      id="app.components.Header.login"
      values={Object {}}
    />
  </button>
</div>
`;
