// Jest Snapshot v1, https://goo.gl/fbAQLP

exports[`CommunitySelector snapshot test 1`] = `
<Dropdown
  isArrowed={true}
  isOpen={false}
  onClose={[Function]}
  target={
    <UNDEFINED
      communityLabel="com_1"
      toggleOpen={[Function]}
    />
  }
>
  <CommunitySelector__Wrapper>
    <CustomizedSelector
      CustomOption={
        Object {
          "$$typeof": Symbol(react.memo),
          "compare": null,
          "type": [Function],
        }
      }
      Group={
        Object {
          "$$typeof": Symbol(react.memo),
          "compare": null,
          "type": [Function],
        }
      }
      autoFocus={true}
      disabled={false}
      input={
        Object {
          "onChange": [Function],
          "optionsNumber": 2,
          "selectedValue": Object {
            "id": 1,
            "label": "com_1",
          },
        }
      }
      menuIsOpen={true}
      options={
        Array [
          Object {
            "options": Array [
              Object {
                "label": "All communities",
                "value": 0,
              },
            ],
          },
          Object {
            "options": Array [],
          },
          Object {
            "options": Array [
              Object {
                "id": 1,
                "label": "com_1",
              },
              Object {
                "id": 2,
                "label": "com_2",
              },
            ],
          },
        ]
      }
    />
    <UNDEFINED />
  </CommunitySelector__Wrapper>
</Dropdown>
`;
