// Jest Snapshot v1, https://goo.gl/fbAQLP

exports[`<CommentForm /> snapshot test 1`] = `
<Connect(LanguageProvider)
  key="en"
  locale="en"
  messages={Object {}}
>
  <ConnectedRouter
    history={
      Object {
        "action": "POP",
        "block": [Function],
        "createHref": [Function],
        "go": [Function],
        "goBack": [Function],
        "goForward": [Function],
        "length": 1,
        "listen": [Function],
        "location": Object {
          "hash": "",
          "pathname": "/",
          "search": "",
          "state": undefined,
        },
        "push": [Function],
        "replace": [Function],
      }
    }
  >
    <Connect(ViewProfilePage)
      account="account"
      communities={Array []}
      locale="en"
      match={
        Object {
          "params": Object {
            "id": "id",
          },
        }
      }
      profile={Object {}}
      questions={Array []}
      questionsLoading={false}
      questionsWithAnswersLoading={false}
      questionsWithUserAnswers={Array []}
    />
  </ConnectedRouter>
</Connect(LanguageProvider)>
`;
