// Jest Snapshot v1, https://goo.gl/fbAQLP

exports[`SuggestedTags render 1`] = `
<div>
  <UNDEFINED
    description="Suggested tags | Description"
    keywords={Array []}
    language="en"
    title="Suggested tags"
  />
  <withReducer(withSaga(Connect(Tags)))
    Aside={
      <UNDEFINED
        existingTags={
          Array [
            Object {
              "id": 1,
            },
            Object {
              "id": 2,
            },
          ]
        }
      />
    }
    Content={
      <UNDEFINED
        communityId={1}
        isLastFetch={false}
        loadMoreTags={[Function]}
        suggestedTagsLoading={false}
      />
    }
    communityId={1}
    currentCommunity={
      Object {
        "id": 1,
        "tags": Array [],
      }
    }
    sortTags={[Function]}
  />
</div>
`;
