// Jest Snapshot v1, https://goo.gl/fbAQLP

exports[`NoQuestions test 1`] = `
<Base
  className="d-flex align-items-center py-5"
>
  <img
    alt="noQuestionsFeedPage"
    src="IMAGE_MOCK"
  />
  <div
    className="ml-5 mb-2"
  >
    <p
      className="mb-1"
    >
      <Span
        bold={true}
        fontSize="24"
      >
        <FormattedMessage
          id="app.containers.Questions.youDontHaveFeedToRead"
          values={Object {}}
        />
      </Span>
    </p>
    <p>
      <Span>
        <FormattedMessage
          id="app.containers.Questions.subscribeToCommToKeep"
          values={Object {}}
        />
      </Span>
      <Span
        className="my-4"
        disabled={true}
      >
        <FormattedMessage
          id="app.containers.Questions.readMyFeed"
          values={Object {}}
        />
      </Span>
    </p>
  </div>
</Base>
`;
