// Jest Snapshot v1, https://goo.gl/fbAQLP

exports[`<Login /> render COMPLETE_LOGIN 1`] = `
<UNDEFINED
  closeModal={[MockFunction]}
  show={true}
>
  <Children />
</UNDEFINED>
`;

exports[`<Login /> render NO_SCATTER 1`] = `
<UNDEFINED
  closeModal={[MockFunction]}
  show={true}
>
  <Children />
</UNDEFINED>
`;

exports[`<Login /> render NO_SELECTED_SCATTER_ACCOUNTS 1`] = `
<UNDEFINED
  closeModal={[MockFunction]}
  show={true}
>
  <Children />
</UNDEFINED>
`;

exports[`<Login /> render SHOW_DEFAULT_LOGIN_MODAL 1`] = `
<UNDEFINED
  closeModal={[MockFunction]}
  show={true}
>
  <Children />
</UNDEFINED>
`;

exports[`<Login /> render USER_IS_ABSENT_IN_SYSTEM_AND_LOGIN 1`] = `
<UNDEFINED
  closeModal={[MockFunction]}
  show={true}
>
  <Children />
</UNDEFINED>
`;
