// Jest Snapshot v1, https://goo.gl/fbAQLP

exports[`Header test 1`] = `
<div
  className="mb-to-sm-0 mb-from-sm-3"
>
  <Base
    position="top"
  >
    <div>
      <A__ALink
        to="/tags"
      >
        <Button
          className="pl-0"
          isLink={true}
        >
          <img
            alt="x"
            src="IMAGE_MOCK"
          />
          <span
            className="d-none d-sm-inline ml-2"
          >
            <FormattedMessage
              id="app.containers.Tags.backToList"
              values={Object {}}
            />
          </span>
        </Button>
      </A__ALink>
      <A__ALink
        disabled={false}
        to="/communities/undefined/tags"
      >
        <Button
          isLink={true}
        >
          <FormattedMessage
            id="app.common.tags"
            values={Object {}}
          />
        </Button>
      </A__ALink>
      <A__ALink
        disabled={false}
        to="/communities/undefined/tags/suggested"
      >
        <Button
          isLink={true}
        >
          <FormattedMessage
            id="app.common.voting"
            values={Object {}}
          />
        </Button>
      </A__ALink>
    </div>
    <div
      className="right-panel"
    >
      <Button
        className="d-inline-flex align-items-center px-0 py-1"
        id="app_containers_GO_TO_CREATE_TAG_SCREEN_BUTTON_ID_header"
        isLink={true}
        onClick={[MockFunction]}
      >
        <img
          alt="icon"
          className="d-none d-sm-inline-block"
          src="IMAGE_MOCK"
        />
        <img
          alt="icon"
          className="d-inline-block d-sm-none"
          src="IMAGE_MOCK"
        />
        <span
          className="ml-1"
        >
          <FormattedMessage
            id="app.common.suggestTag"
            values={Object {}}
          />
        </span>
      </Button>
    </div>
  </Base>
  <Base
    position="bottom"
  >
    <Span>
      <Img
        alt="tags"
      />
      <Span
        bold={true}
        className="d-none d-sm-inline text-lowercase ml-3"
        color="#7b7b7b"
        fontSize="30"
      >
        <span>
          1 
        </span>
        <FormattedMessage
          id="app.common.tags"
          values={Object {}}
        />
      </Span>
    </Span>
    <div
      className="right-panel"
    >
      <UNDEFINED
        button={
          <Button
            sorting="id"
          />
        }
        id="tags-dropdown"
        isArrowed={true}
        menu={
          <Menu
            sortTags={[MockFunction]}
            sorting="id"
          />
        }
      />
    </div>
  </Base>
</div>
`;
