// Jest Snapshot v1, https://goo.gl/fbAQLP

exports[`Box test 1`] = `
<React.Fragment>
  <Connect(Header)
    expandLeftMenuNavigation={[Function]}
    isMenuVisible={false}
    showMenu={[Function]}
  />
  <Wrapper__Main>
    <div
      className="container"
    >
      <div
        className="d-flex"
      >
        <Connect(LeftMenu)
          isMenuVisible={false}
          isNavigationExpanded={false}
          showMenu={[Function]}
        />
        <Wrapper__WrapStyled
          className=""
        >
          <UNDEFINED
            fallback={<UNDEFINED />}
          >
            <Comp />
          </UNDEFINED>
        </Wrapper__WrapStyled>
      </div>
    </div>
  </Wrapper__Main>
</React.Fragment>
`;

exports[`Wrapper test 1`] = `
<Box
  Comp={[Function]}
  props={Object {}}
/>
`;
