// Jest Snapshot v1, https://goo.gl/fbAQLP

exports[`<SignUpForm /> snapshot test 1`] = `
<Provider
  store={
    Object {
      "dispatch": [Function],
      "getState": [Function],
      "injectedReducers": Object {},
      "injectedSagas": Object {},
      "replaceReducer": [Function],
      "runSaga": [Function],
      "subscribe": [Function],
      Symbol(Symbol.observable): [Function],
    }
  }
>
  <Connect(LanguageProvider)
    key="en"
    locale="en"
    messages={Object {}}
  >
    <LanguageProvider
      dispatch={[Function]}
      locale="en"
      messages={Object {}}
    >
      <IntlProvider
        key="en"
        locale="en"
      >
        <ConnectedRouter
          history={
            Object {
              "action": "POP",
              "block": [Function],
              "createHref": [Function],
              "go": [Function],
              "goBack": [Function],
              "goForward": [Function],
              "length": 1,
              "listen": [Function],
              "location": Object {
                "hash": "",
                "pathname": "/",
                "search": "",
                "state": undefined,
              },
              "push": [Function],
              "replace": [Function],
            }
          }
        >
          <Router
            history={
              Object {
                "action": "POP",
                "block": [Function],
                "createHref": [Function],
                "go": [Function],
                "goBack": [Function],
                "goForward": [Function],
                "length": 1,
                "listen": [Function],
                "location": Object {
                  "hash": "",
                  "pathname": "/",
                  "search": "",
                  "state": undefined,
                },
                "push": [Function],
                "replace": [Function],
              }
            }
          >
            <Connect(ReduxForm)
              account="user1"
              errorMessage={Object {}}
              handleSubmit={
                [MockFunction] {
                  "calls": Array [
                    Array [
                      [MockFunction],
                    ],
                    Array [
                      [MockFunction],
                    ],
                  ],
                  "results": Array [
                    Object {
                      "isThrow": false,
                      "value": undefined,
                    },
                    Object {
                      "isThrow": false,
                      "value": undefined,
                    },
                  ],
                }
              }
              invalid={false}
              loading={false}
              registerUser={[MockFunction]}
              submitting={false}
              translations={Object {}}
            >
              <ReduxForm
                account="user1"
                dispatch={[Function]}
                errorMessage={Object {}}
                handleSubmit={
                  [MockFunction] {
                    "calls": Array [
                      Array [
                        [MockFunction],
                      ],
                      Array [
                        [MockFunction],
                      ],
                    ],
                    "results": Array [
                      Object {
                        "isThrow": false,
                        "value": undefined,
                      },
                      Object {
                        "isThrow": false,
                        "value": undefined,
                      },
                    ],
                  }
                }
                initialValues={
                  Object {
                    "app/SignUp/eosAccount": null,
                  }
                }
                invalid={false}
                loading={false}
                registerUser={[MockFunction]}
                submitting={false}
                translations={Object {}}
              >
                <Connect(Form(SignUpForm))
                  account="user1"
                  destroyOnUnmount={true}
                  dispatch={[Function]}
                  enableReinitialize={false}
                  errorMessage={Object {}}
                  forceUnregisterOnUnmount={false}
                  form="SignUpForm"
                  getFormState={[Function]}
                  handleSubmit={
                    [MockFunction] {
                      "calls": Array [
                        Array [
                          [MockFunction],
                        ],
                        Array [
                          [MockFunction],
                        ],
                      ],
                      "results": Array [
                        Object {
                          "isThrow": false,
                          "value": undefined,
                        },
                        Object {
                          "isThrow": false,
                          "value": undefined,
                        },
                      ],
                    }
                  }
                  initialValues={
                    Immutable.Map {
                      "app/SignUp/eosAccount": null,
                    }
                  }
                  invalid={false}
                  keepDirtyOnReinitialize={false}
                  loading={false}
                  persistentSubmitErrors={false}
                  pure={true}
                  registerUser={[MockFunction]}
                  shouldAsyncValidate={[Function]}
                  shouldError={[Function]}
                  shouldValidate={[Function]}
                  shouldWarn={[Function]}
                  submitting={false}
                  touchOnBlur={true}
                  touchOnChange={false}
                  translations={Object {}}
                  updateUnregisteredFields={false}
                >
                  <Form(SignUpForm)
                    account="user1"
                    anyTouched={false}
                    array={
                      Object {
                        "insert": [Function],
                        "move": [Function],
                        "pop": [Function],
                        "push": [Function],
                        "remove": [Function],
                        "removeAll": [Function],
                        "shift": [Function],
                        "splice": [Function],
                        "swap": [Function],
                        "unshift": [Function],
                      }
                    }
                    arrayInsert={[Function]}
                    arrayMove={[Function]}
                    arrayPop={[Function]}
                    arrayPush={[Function]}
                    arrayRemove={[Function]}
                    arrayRemoveAll={[Function]}
                    arrayShift={[Function]}
                    arraySplice={[Function]}
                    arraySwap={[Function]}
                    arrayUnshift={[Function]}
                    asyncValidating={false}
                    autofill={[Function]}
                    blur={[Function]}
                    change={[Function]}
                    clearAsyncError={[Function]}
                    clearFields={[Function]}
                    clearSubmit={[Function]}
                    clearSubmitErrors={[Function]}
                    destroy={[Function]}
                    destroyOnUnmount={true}
                    dirty={false}
                    dispatch={[Function]}
                    enableReinitialize={false}
                    errorMessage={Object {}}
                    focus={[Function]}
                    forceUnregisterOnUnmount={false}
                    form="SignUpForm"
                    getFormState={[Function]}
                    handleSubmit={
                      [MockFunction] {
                        "calls": Array [
                          Array [
                            [MockFunction],
                          ],
                          Array [
                            [MockFunction],
                          ],
                        ],
                        "results": Array [
                          Object {
                            "isThrow": false,
                            "value": undefined,
                          },
                          Object {
                            "isThrow": false,
                            "value": undefined,
                          },
                        ],
                      }
                    }
                    initialValues={
                      Immutable.Map {
                        "app/SignUp/eosAccount": null,
                      }
                    }
                    initialize={[Function]}
                    initialized={true}
                    invalid={true}
                    keepDirtyOnReinitialize={false}
                    loading={false}
                    persistentSubmitErrors={false}
                    pristine={true}
                    pure={true}
                    registerField={[Function]}
                    registerUser={[MockFunction]}
                    registeredFields={
                      Immutable.Map {
                        "app/SignUp/eosAccount": Immutable.Map {
                          "name": "app/SignUp/eosAccount",
                          "type": "Field",
                          "count": 1,
                        },
                        "app/SignUp/displayName": Immutable.Map {
                          "name": "app/SignUp/displayName",
                          "type": "Field",
                          "count": 1,
                        },
                      }
                    }
                    reset={[Function]}
                    resetSection={[Function]}
                    setSubmitFailed={[Function]}
                    setSubmitSucceeded={[Function]}
                    shouldAsyncValidate={[Function]}
                    shouldError={[Function]}
                    shouldValidate={[Function]}
                    shouldWarn={[Function]}
                    startAsyncValidation={[Function]}
                    startSubmit={[Function]}
                    stopAsyncValidation={[Function]}
                    stopSubmit={[Function]}
                    submit={[Function]}
                    submitFailed={false}
                    submitSucceeded={false}
                    submitting={false}
                    syncErrors={
                      Object {
                        "app/SignUp/displayName": Object {
                          "defaultMessage": "Required field",
                          "id": "app.containers.AskQuestion.requiredField",
                        },
                      }
                    }
                    syncWarnings={
                      Object {
                        "app/SignUp/displayName": Object {
                          "defaultMessage": "Required field",
                          "id": "app.containers.AskQuestion.requiredField",
                        },
                      }
                    }
                    touch={[Function]}
                    touchOnBlur={true}
                    touchOnChange={false}
                    translations={Object {}}
                    unregisterField={[Function]}
                    untouch={[Function]}
                    updateSyncErrors={[Function]}
                    updateSyncWarnings={[Function]}
                    updateUnregisteredFields={false}
                    valid={false}
                    validExceptSubmit={false}
                    values={
                      Immutable.Map {
                        "app/SignUp/eosAccount": null,
                      }
                    }
                  >
                    <SignUpForm
                      account="user1"
                      anyTouched={false}
                      array={
                        Object {
                          "insert": [Function],
                          "move": [Function],
                          "pop": [Function],
                          "push": [Function],
                          "remove": [Function],
                          "removeAll": [Function],
                          "shift": [Function],
                          "splice": [Function],
                          "swap": [Function],
                          "unshift": [Function],
                        }
                      }
                      asyncValidate={[Function]}
                      asyncValidating={false}
                      autofill={[Function]}
                      blur={[Function]}
                      change={[Function]}
                      clearAsyncError={[Function]}
                      clearFields={[Function]}
                      clearSubmit={[Function]}
                      clearSubmitErrors={[Function]}
                      destroy={[Function]}
                      dirty={false}
                      dispatch={[Function]}
                      errorMessage={Object {}}
                      form="SignUpForm"
                      handleSubmit={
                        [MockFunction] {
                          "calls": Array [
                            Array [
                              [MockFunction],
                            ],
                            Array [
                              [MockFunction],
                            ],
                          ],
                          "results": Array [
                            Object {
                              "isThrow": false,
                              "value": undefined,
                            },
                            Object {
                              "isThrow": false,
                              "value": undefined,
                            },
                          ],
                        }
                      }
                      initialValues={
                        Immutable.Map {
                          "app/SignUp/eosAccount": null,
                        }
                      }
                      initialize={[Function]}
                      initialized={true}
                      invalid={true}
                      loading={false}
                      pristine={true}
                      pure={true}
                      registerUser={[MockFunction]}
                      reset={[Function]}
                      resetSection={[Function]}
                      submit={[Function]}
                      submitFailed={false}
                      submitSucceeded={false}
                      submitting={false}
                      touch={[Function]}
                      translations={Object {}}
                      untouch={[Function]}
                      valid={false}
                    >
                      <form>
                        <div>
                          <Field
                            component={[Function]}
                            disabled={false}
                            name="app/SignUp/eosAccount"
                            readOnly={true}
                          >
                            <Connect(ConnectedField)
                              _reduxForm={
                                Object {
                                  "account": "user1",
                                  "anyTouched": false,
                                  "array": Object {
                                    "insert": [Function],
                                    "move": [Function],
                                    "pop": [Function],
                                    "push": [Function],
                                    "remove": [Function],
                                    "removeAll": [Function],
                                    "shift": [Function],
                                    "splice": [Function],
                                    "swap": [Function],
                                    "unshift": [Function],
                                  },
                                  "arrayInsert": [Function],
                                  "arrayMove": [Function],
                                  "arrayPop": [Function],
                                  "arrayPush": [Function],
                                  "arrayRemove": [Function],
                                  "arrayRemoveAll": [Function],
                                  "arrayShift": [Function],
                                  "arraySplice": [Function],
                                  "arraySwap": [Function],
                                  "arrayUnshift": [Function],
                                  "asyncErrors": undefined,
                                  "asyncValidate": [Function],
                                  "asyncValidating": false,
                                  "autofill": [Function],
                                  "blur": [Function],
                                  "change": [Function],
                                  "clearAsyncError": [Function],
                                  "clearFields": [Function],
                                  "clearSubmit": [Function],
                                  "clearSubmitErrors": [Function],
                                  "destroy": [Function],
                                  "destroyOnUnmount": true,
                                  "dirty": false,
                                  "dispatch": [Function],
                                  "enableReinitialize": false,
                                  "error": undefined,
                                  "errorMessage": Object {},
                                  "focus": [Function],
                                  "forceUnregisterOnUnmount": false,
                                  "form": "SignUpForm",
                                  "getFormState": [Function],
                                  "getValues": [Function],
                                  "handleSubmit": [MockFunction] {
                                    "calls": Array [
                                      Array [
                                        [MockFunction],
                                      ],
                                      Array [
                                        [MockFunction],
                                      ],
                                    ],
                                    "results": Array [
                                      Object {
                                        "isThrow": false,
                                        "value": undefined,
                                      },
                                      Object {
                                        "isThrow": false,
                                        "value": undefined,
                                      },
                                    ],
                                  },
                                  "initialValues": Immutable.Map {
                                    "app/SignUp/eosAccount": null,
                                  },
                                  "initialize": [Function],
                                  "initialized": false,
                                  "invalid": false,
                                  "keepDirtyOnReinitialize": false,
                                  "loading": false,
                                  "persistentSubmitErrors": false,
                                  "pristine": true,
                                  "pure": true,
                                  "register": [Function],
                                  "registerField": [Function],
                                  "registerInnerOnSubmit": [Function],
                                  "registerUser": [MockFunction],
                                  "registeredFields": undefined,
                                  "reset": [Function],
                                  "resetSection": [Function],
                                  "sectionPrefix": undefined,
                                  "setSubmitFailed": [Function],
                                  "setSubmitSucceeded": [Function],
                                  "shouldAsyncValidate": [Function],
                                  "shouldError": [Function],
                                  "shouldValidate": [Function],
                                  "shouldWarn": [Function],
                                  "startAsyncValidation": [Function],
                                  "startSubmit": [Function],
                                  "stopAsyncValidation": [Function],
                                  "stopSubmit": [Function],
                                  "submit": [Function],
                                  "submitFailed": false,
                                  "submitSucceeded": false,
                                  "submitting": false,
                                  "syncErrors": Object {},
                                  "syncWarnings": Object {},
                                  "touch": [Function],
                                  "touchOnBlur": true,
                                  "touchOnChange": false,
                                  "translations": Object {},
                                  "triggerSubmit": undefined,
                                  "unregister": [Function],
                                  "unregisterField": [Function],
                                  "untouch": [Function],
                                  "updateSyncErrors": [Function],
                                  "updateSyncWarnings": [Function],
                                  "updateUnregisteredFields": false,
                                  "valid": true,
                                  "validExceptSubmit": true,
                                  "values": Immutable.Map {
                                    "app/SignUp/eosAccount": null,
                                  },
                                  "warning": undefined,
                                }
                              }
                              component={[Function]}
                              disabled={false}
                              name="app/SignUp/eosAccount"
                              normalize={[Function]}
                              readOnly={true}
                            >
                              <ConnectedField
                                _reduxForm={
                                  Object {
                                    "account": "user1",
                                    "anyTouched": false,
                                    "array": Object {
                                      "insert": [Function],
                                      "move": [Function],
                                      "pop": [Function],
                                      "push": [Function],
                                      "remove": [Function],
                                      "removeAll": [Function],
                                      "shift": [Function],
                                      "splice": [Function],
                                      "swap": [Function],
                                      "unshift": [Function],
                                    },
                                    "arrayInsert": [Function],
                                    "arrayMove": [Function],
                                    "arrayPop": [Function],
                                    "arrayPush": [Function],
                                    "arrayRemove": [Function],
                                    "arrayRemoveAll": [Function],
                                    "arrayShift": [Function],
                                    "arraySplice": [Function],
                                    "arraySwap": [Function],
                                    "arrayUnshift": [Function],
                                    "asyncErrors": undefined,
                                    "asyncValidate": [Function],
                                    "asyncValidating": false,
                                    "autofill": [Function],
                                    "blur": [Function],
                                    "change": [Function],
                                    "clearAsyncError": [Function],
                                    "clearFields": [Function],
                                    "clearSubmit": [Function],
                                    "clearSubmitErrors": [Function],
                                    "destroy": [Function],
                                    "destroyOnUnmount": true,
                                    "dirty": false,
                                    "dispatch": [Function],
                                    "enableReinitialize": false,
                                    "error": undefined,
                                    "errorMessage": Object {},
                                    "focus": [Function],
                                    "forceUnregisterOnUnmount": false,
                                    "form": "SignUpForm",
                                    "getFormState": [Function],
                                    "getValues": [Function],
                                    "handleSubmit": [MockFunction] {
                                      "calls": Array [
                                        Array [
                                          [MockFunction],
                                        ],
                                        Array [
                                          [MockFunction],
                                        ],
                                      ],
                                      "results": Array [
                                        Object {
                                          "isThrow": false,
                                          "value": undefined,
                                        },
                                        Object {
                                          "isThrow": false,
                                          "value": undefined,
                                        },
                                      ],
                                    },
                                    "initialValues": Immutable.Map {
                                      "app/SignUp/eosAccount": null,
                                    },
                                    "initialize": [Function],
                                    "initialized": false,
                                    "invalid": false,
                                    "keepDirtyOnReinitialize": false,
                                    "loading": false,
                                    "persistentSubmitErrors": false,
                                    "pristine": true,
                                    "pure": true,
                                    "register": [Function],
                                    "registerField": [Function],
                                    "registerInnerOnSubmit": [Function],
                                    "registerUser": [MockFunction],
                                    "registeredFields": undefined,
                                    "reset": [Function],
                                    "resetSection": [Function],
                                    "sectionPrefix": undefined,
                                    "setSubmitFailed": [Function],
                                    "setSubmitSucceeded": [Function],
                                    "shouldAsyncValidate": [Function],
                                    "shouldError": [Function],
                                    "shouldValidate": [Function],
                                    "shouldWarn": [Function],
                                    "startAsyncValidation": [Function],
                                    "startSubmit": [Function],
                                    "stopAsyncValidation": [Function],
                                    "stopSubmit": [Function],
                                    "submit": [Function],
                                    "submitFailed": false,
                                    "submitSucceeded": false,
                                    "submitting": false,
                                    "syncErrors": Object {},
                                    "syncWarnings": Object {},
                                    "touch": [Function],
                                    "touchOnBlur": true,
                                    "touchOnChange": false,
                                    "translations": Object {},
                                    "triggerSubmit": undefined,
                                    "unregister": [Function],
                                    "unregisterField": [Function],
                                    "untouch": [Function],
                                    "updateSyncErrors": [Function],
                                    "updateSyncWarnings": [Function],
                                    "updateUnregisteredFields": false,
                                    "valid": true,
                                    "validExceptSubmit": true,
                                    "values": Immutable.Map {
                                      "app/SignUp/eosAccount": null,
                                    },
                                    "warning": undefined,
                                  }
                                }
                                asyncValidating={false}
                                component={[Function]}
                                dirty={false}
                                disabled={false}
                                dispatch={[Function]}
                                initial={null}
                                name="app/SignUp/eosAccount"
                                normalize={[Function]}
                                pristine={true}
                                readOnly={true}
                                value={null}
                              >
                                <TextInputField
                                  disabled={false}
                                  input={
                                    Object {
                                      "name": "app/SignUp/eosAccount",
                                      "onBlur": [Function],
                                      "onChange": [Function],
                                      "onDragStart": [Function],
                                      "onDrop": [Function],
                                      "onFocus": [Function],
                                      "value": "",
                                    }
                                  }
                                  meta={
                                    Object {
                                      "active": false,
                                      "asyncValidating": false,
                                      "autofilled": false,
                                      "dirty": false,
                                      "dispatch": [Function],
                                      "error": undefined,
                                      "form": "SignUpForm",
                                      "initial": null,
                                      "invalid": false,
                                      "pristine": true,
                                      "submitFailed": false,
                                      "submitting": false,
                                      "touched": false,
                                      "valid": true,
                                      "visited": false,
                                      "warning": undefined,
                                    }
                                  }
                                  readOnly={true}
                                >
                                  <div>
                                    <h6 />
                                    <input
                                      className="form-control"
                                      disabled={false}
                                      name="app/SignUp/eosAccount"
                                      onBlur={[Function]}
                                      onChange={[Function]}
                                      onDragStart={[Function]}
                                      onDrop={[Function]}
                                      onFocus={[Function]}
                                      placeholder=""
                                      readOnly={true}
                                      type="text"
                                      value=""
                                    />
                                    <h6
                                      className="text-danger"
                                    />
                                  </div>
                                </TextInputField>
                              </ConnectedField>
                            </Connect(ConnectedField)>
                          </Field>
                          <Field
                            component={[Function]}
                            disabled={false}
                            name="app/SignUp/displayName"
                            validate={
                              Array [
                                [Function],
                                [Function],
                              ]
                            }
                            warn={
                              Array [
                                [Function],
                                [Function],
                              ]
                            }
                          >
                            <Connect(ConnectedField)
                              _reduxForm={
                                Object {
                                  "account": "user1",
                                  "anyTouched": false,
                                  "array": Object {
                                    "insert": [Function],
                                    "move": [Function],
                                    "pop": [Function],
                                    "push": [Function],
                                    "remove": [Function],
                                    "removeAll": [Function],
                                    "shift": [Function],
                                    "splice": [Function],
                                    "swap": [Function],
                                    "unshift": [Function],
                                  },
                                  "arrayInsert": [Function],
                                  "arrayMove": [Function],
                                  "arrayPop": [Function],
                                  "arrayPush": [Function],
                                  "arrayRemove": [Function],
                                  "arrayRemoveAll": [Function],
                                  "arrayShift": [Function],
                                  "arraySplice": [Function],
                                  "arraySwap": [Function],
                                  "arrayUnshift": [Function],
                                  "asyncErrors": undefined,
                                  "asyncValidate": [Function],
                                  "asyncValidating": false,
                                  "autofill": [Function],
                                  "blur": [Function],
                                  "change": [Function],
                                  "clearAsyncError": [Function],
                                  "clearFields": [Function],
                                  "clearSubmit": [Function],
                                  "clearSubmitErrors": [Function],
                                  "destroy": [Function],
                                  "destroyOnUnmount": true,
                                  "dirty": false,
                                  "dispatch": [Function],
                                  "enableReinitialize": false,
                                  "error": undefined,
                                  "errorMessage": Object {},
                                  "focus": [Function],
                                  "forceUnregisterOnUnmount": false,
                                  "form": "SignUpForm",
                                  "getFormState": [Function],
                                  "getValues": [Function],
                                  "handleSubmit": [MockFunction] {
                                    "calls": Array [
                                      Array [
                                        [MockFunction],
                                      ],
                                      Array [
                                        [MockFunction],
                                      ],
                                    ],
                                    "results": Array [
                                      Object {
                                        "isThrow": false,
                                        "value": undefined,
                                      },
                                      Object {
                                        "isThrow": false,
                                        "value": undefined,
                                      },
                                    ],
                                  },
                                  "initialValues": Immutable.Map {
                                    "app/SignUp/eosAccount": null,
                                  },
                                  "initialize": [Function],
                                  "initialized": true,
                                  "invalid": true,
                                  "keepDirtyOnReinitialize": false,
                                  "loading": false,
                                  "persistentSubmitErrors": false,
                                  "pristine": true,
                                  "pure": true,
                                  "register": [Function],
                                  "registerField": [Function],
                                  "registerInnerOnSubmit": [Function],
                                  "registerUser": [MockFunction],
                                  "registeredFields": Immutable.Map {
                                    "app/SignUp/eosAccount": Immutable.Map {
                                      "name": "app/SignUp/eosAccount",
                                      "type": "Field",
                                      "count": 1,
                                    },
                                    "app/SignUp/displayName": Immutable.Map {
                                      "name": "app/SignUp/displayName",
                                      "type": "Field",
                                      "count": 1,
                                    },
                                  },
                                  "reset": [Function],
                                  "resetSection": [Function],
                                  "sectionPrefix": undefined,
                                  "setSubmitFailed": [Function],
                                  "setSubmitSucceeded": [Function],
                                  "shouldAsyncValidate": [Function],
                                  "shouldError": [Function],
                                  "shouldValidate": [Function],
                                  "shouldWarn": [Function],
                                  "startAsyncValidation": [Function],
                                  "startSubmit": [Function],
                                  "stopAsyncValidation": [Function],
                                  "stopSubmit": [Function],
                                  "submit": [Function],
                                  "submitFailed": false,
                                  "submitSucceeded": false,
                                  "submitting": false,
                                  "syncErrors": Object {
                                    "app/SignUp/displayName": Object {
                                      "defaultMessage": "Required field",
                                      "id": "app.containers.AskQuestion.requiredField",
                                    },
                                  },
                                  "syncWarnings": Object {
                                    "app/SignUp/displayName": Object {
                                      "defaultMessage": "Required field",
                                      "id": "app.containers.AskQuestion.requiredField",
                                    },
                                  },
                                  "touch": [Function],
                                  "touchOnBlur": true,
                                  "touchOnChange": false,
                                  "translations": Object {},
                                  "triggerSubmit": undefined,
                                  "unregister": [Function],
                                  "unregisterField": [Function],
                                  "untouch": [Function],
                                  "updateSyncErrors": [Function],
                                  "updateSyncWarnings": [Function],
                                  "updateUnregisteredFields": false,
                                  "valid": false,
                                  "validExceptSubmit": false,
                                  "values": Immutable.Map {
                                    "app/SignUp/eosAccount": null,
                                  },
                                  "warning": undefined,
                                }
                              }
                              component={[Function]}
                              disabled={false}
                              name="app/SignUp/displayName"
                              normalize={[Function]}
                              validate={
                                Array [
                                  [Function],
                                  [Function],
                                ]
                              }
                              warn={
                                Array [
                                  [Function],
                                  [Function],
                                ]
                              }
                            >
                              <ConnectedField
                                _reduxForm={
                                  Object {
                                    "account": "user1",
                                    "anyTouched": false,
                                    "array": Object {
                                      "insert": [Function],
                                      "move": [Function],
                                      "pop": [Function],
                                      "push": [Function],
                                      "remove": [Function],
                                      "removeAll": [Function],
                                      "shift": [Function],
                                      "splice": [Function],
                                      "swap": [Function],
                                      "unshift": [Function],
                                    },
                                    "arrayInsert": [Function],
                                    "arrayMove": [Function],
                                    "arrayPop": [Function],
                                    "arrayPush": [Function],
                                    "arrayRemove": [Function],
                                    "arrayRemoveAll": [Function],
                                    "arrayShift": [Function],
                                    "arraySplice": [Function],
                                    "arraySwap": [Function],
                                    "arrayUnshift": [Function],
                                    "asyncErrors": undefined,
                                    "asyncValidate": [Function],
                                    "asyncValidating": false,
                                    "autofill": [Function],
                                    "blur": [Function],
                                    "change": [Function],
                                    "clearAsyncError": [Function],
                                    "clearFields": [Function],
                                    "clearSubmit": [Function],
                                    "clearSubmitErrors": [Function],
                                    "destroy": [Function],
                                    "destroyOnUnmount": true,
                                    "dirty": false,
                                    "dispatch": [Function],
                                    "enableReinitialize": false,
                                    "error": undefined,
                                    "errorMessage": Object {},
                                    "focus": [Function],
                                    "forceUnregisterOnUnmount": false,
                                    "form": "SignUpForm",
                                    "getFormState": [Function],
                                    "getValues": [Function],
                                    "handleSubmit": [MockFunction] {
                                      "calls": Array [
                                        Array [
                                          [MockFunction],
                                        ],
                                        Array [
                                          [MockFunction],
                                        ],
                                      ],
                                      "results": Array [
                                        Object {
                                          "isThrow": false,
                                          "value": undefined,
                                        },
                                        Object {
                                          "isThrow": false,
                                          "value": undefined,
                                        },
                                      ],
                                    },
                                    "initialValues": Immutable.Map {
                                      "app/SignUp/eosAccount": null,
                                    },
                                    "initialize": [Function],
                                    "initialized": true,
                                    "invalid": true,
                                    "keepDirtyOnReinitialize": false,
                                    "loading": false,
                                    "persistentSubmitErrors": false,
                                    "pristine": true,
                                    "pure": true,
                                    "register": [Function],
                                    "registerField": [Function],
                                    "registerInnerOnSubmit": [Function],
                                    "registerUser": [MockFunction],
                                    "registeredFields": Immutable.Map {
                                      "app/SignUp/eosAccount": Immutable.Map {
                                        "name": "app/SignUp/eosAccount",
                                        "type": "Field",
                                        "count": 1,
                                      },
                                      "app/SignUp/displayName": Immutable.Map {
                                        "name": "app/SignUp/displayName",
                                        "type": "Field",
                                        "count": 1,
                                      },
                                    },
                                    "reset": [Function],
                                    "resetSection": [Function],
                                    "sectionPrefix": undefined,
                                    "setSubmitFailed": [Function],
                                    "setSubmitSucceeded": [Function],
                                    "shouldAsyncValidate": [Function],
                                    "shouldError": [Function],
                                    "shouldValidate": [Function],
                                    "shouldWarn": [Function],
                                    "startAsyncValidation": [Function],
                                    "startSubmit": [Function],
                                    "stopAsyncValidation": [Function],
                                    "stopSubmit": [Function],
                                    "submit": [Function],
                                    "submitFailed": false,
                                    "submitSucceeded": false,
                                    "submitting": false,
                                    "syncErrors": Object {
                                      "app/SignUp/displayName": Object {
                                        "defaultMessage": "Required field",
                                        "id": "app.containers.AskQuestion.requiredField",
                                      },
                                    },
                                    "syncWarnings": Object {
                                      "app/SignUp/displayName": Object {
                                        "defaultMessage": "Required field",
                                        "id": "app.containers.AskQuestion.requiredField",
                                      },
                                    },
                                    "touch": [Function],
                                    "touchOnBlur": true,
                                    "touchOnChange": false,
                                    "translations": Object {},
                                    "triggerSubmit": undefined,
                                    "unregister": [Function],
                                    "unregisterField": [Function],
                                    "untouch": [Function],
                                    "updateSyncErrors": [Function],
                                    "updateSyncWarnings": [Function],
                                    "updateUnregisteredFields": false,
                                    "valid": false,
                                    "validExceptSubmit": false,
                                    "values": Immutable.Map {
                                      "app/SignUp/eosAccount": null,
                                    },
                                    "warning": undefined,
                                  }
                                }
                                asyncValidating={false}
                                component={[Function]}
                                dirty={false}
                                disabled={false}
                                dispatch={[Function]}
                                name="app/SignUp/displayName"
                                normalize={[Function]}
                                pristine={true}
                                syncError={
                                  Object {
                                    "defaultMessage": "Required field",
                                    "id": "app.containers.AskQuestion.requiredField",
                                  }
                                }
                                syncWarning={
                                  Object {
                                    "defaultMessage": "Required field",
                                    "id": "app.containers.AskQuestion.requiredField",
                                  }
                                }
                                validate={
                                  Array [
                                    [Function],
                                    [Function],
                                  ]
                                }
                                warn={
                                  Array [
                                    [Function],
                                    [Function],
                                  ]
                                }
                              >
                                <TextInputField
                                  disabled={false}
                                  input={
                                    Object {
                                      "name": "app/SignUp/displayName",
                                      "onBlur": [Function],
                                      "onChange": [Function],
                                      "onDragStart": [Function],
                                      "onDrop": [Function],
                                      "onFocus": [Function],
                                      "value": "",
                                    }
                                  }
                                  meta={
                                    Object {
                                      "active": false,
                                      "asyncValidating": false,
                                      "autofilled": false,
                                      "dirty": false,
                                      "dispatch": [Function],
                                      "error": Object {
                                        "defaultMessage": "Required field",
                                        "id": "app.containers.AskQuestion.requiredField",
                                      },
                                      "form": "SignUpForm",
                                      "initial": undefined,
                                      "invalid": true,
                                      "pristine": true,
                                      "submitFailed": false,
                                      "submitting": false,
                                      "touched": false,
                                      "valid": false,
                                      "visited": false,
                                      "warning": Object {
                                        "defaultMessage": "Required field",
                                        "id": "app.containers.AskQuestion.requiredField",
                                      },
                                    }
                                  }
                                >
                                  <div>
                                    <h6 />
                                    <input
                                      className="form-control"
                                      disabled={false}
                                      name="app/SignUp/displayName"
                                      onBlur={[Function]}
                                      onChange={[Function]}
                                      onDragStart={[Function]}
                                      onDrop={[Function]}
                                      onFocus={[Function]}
                                      placeholder=""
                                      type="text"
                                      value=""
                                    />
                                    <h6
                                      className="text-danger"
                                    />
                                  </div>
                                </TextInputField>
                              </ConnectedField>
                            </Connect(ConnectedField)>
                          </Field>
                        </div>
                        <div>
                          <button
                            className="btn btn-success form-control"
                            disabled={true}
                            type="submit"
                          >
                            <FormattedMessage
                              defaultMessage="Sign Up"
                              id="app.containers.SignUp.signUp"
                              values={Object {}}
                            >
                              <span>
                                Sign Up
                              </span>
                            </FormattedMessage>
                          </button>
                        </div>
                      </form>
                    </SignUpForm>
                  </Form(SignUpForm)>
                </Connect(Form(SignUpForm))>
              </ReduxForm>
            </Connect(ReduxForm)>
          </Router>
        </ConnectedRouter>
      </IntlProvider>
    </LanguageProvider>
  </Connect(LanguageProvider)>
</Provider>
`;
