// Jest Snapshot v1, https://goo.gl/fbAQLP

exports[`ChangeLocale mapLanguages 1`] = `
Array [
  <li
    className="pl-2"
    data-item="en"
    onClick={[Function]}
    role="presentation"
  >
    en
  </li>,
  <li
    className="pl-2"
    data-item="ru"
    onClick={[Function]}
    role="presentation"
  >
    ru
  </li>,
]
`;
