// Jest Snapshot v1, https://goo.gl/fbAQLP

exports[`<ChangeLocale /> should match the snapshot 1`] = `
<span
  className="dropdown"
>
  <button
    aria-expanded="true"
    aria-haspopup="true"
    className="dropdown-toggle"
    data-toggle="dropdown"
    id="dropdownMenu1"
    type="button"
  >
    <small>
      Lang
    </small>
    <span
      className="caret"
    />
  </button>
  <ul
    aria-labelledby="dropdownMenu1"
    className="dropdown-menu p-0"
  >
    <li
      className="pl-2"
      onClick={[Function]}
      role="presentation"
    >
      en
    </li>
    <li
      className="pl-2"
      onClick={[Function]}
      role="presentation"
    >
      ru
    </li>
  </ul>
</span>
`;
