// Jest Snapshot v1, https://goo.gl/fbAQLP

exports[`Content Content, snapshot test 1`] = `
<div>
  <QuestionItem
    answers={Array []}
    communities={Array []}
    id={1}
    locale="en"
    userInfo={Object {}}
  />
</div>
`;

exports[`Content QuestionItem, snapshot test 1`] = `
<Base
  className="d-flex flex-wrap mt-3"
  overflowHidden={true}
>
  <Base
    className="d-flex flex-wrap col-12 col-sm-3 col-md-2 p-0"
  >
    <Base
      className="col-6 col-sm-12"
    >
      <span
        className="d-flex align-items-center"
      >
        <img
          alt="icon"
          className="mr-2"
          src="IMAGE_MOCK"
        />
        <Span
          bold={true}
          color="#5065A5"
        />
      </span>
    </Base>
    <Base
      className="col-6 col-sm-12"
    >
      <span
        className="d-flex align-items-center"
      >
        <img
          alt="icon"
          className="mr-2"
          src="IMAGE_MOCK"
        />
        <Span
          bold={true}
          color="#5065A5"
        />
      </span>
    </Base>
  </Base>
  <Base
    className="col-12 col-sm-9 col-md-10"
  >
    <p
      className="mb-1"
    >
      <A
        href="/questions/undefined"
        to="/questions/undefined"
      >
        <Span
          bold={true}
          fontSize="24"
          mobileFS="18"
        />
      </A>
    </p>
    <p
      className="mb-2"
    >
      <A
        className="d-flex align-items-center"
        to="/users/undefined"
      >
        <Span
          className="mr-2"
          fontSize="14"
        />
        <UNDEFINED
          isRankOff={true}
          size="sm"
        />
        <Span
          className="text-capitalize mr-3"
          color="#7b7b7b"
          fontSize="14"
        >
          <FormattedMessage
            id="app.common.asked"
            values={Object {}}
          />
          <span
            className="pl-1"
          />
        </Span>
      </A>
    </p>
    <div
      className="d-flex align-items-center flex-wrap"
    >
      <TagsList
        className="my-1"
      >
        <QuestionCommunity
          className="my-1"
        />
      </TagsList>
    </div>
  </Base>
</Base>
`;
