// Jest Snapshot v1, https://goo.gl/fbAQLP

exports[`<Footer test /> should match the snapshot test 1`] = `
.c1 button {
  cursor: pointer;
  outline: none;
}

.c1 button .locale {
  color: #282828;
  font-size: 16px;
  padding: 0 5px;
  -webkit-letter-spacing: -0.6px;
  -moz-letter-spacing: -0.6px;
  -ms-letter-spacing: -0.6px;
  letter-spacing: -0.6px;
  text-transform: uppercase;
  vertical-align: 1px;
}

.c1 button .caret {
  color: #a6a6a6;
  font-size: 12px;
  display: inline-block;
  -webkit-transition: 0.5s;
  transition: 0.5s;
  -webkit-transform: rotate(180deg);
  -ms-transform: rotate(180deg);
  transform: rotate(180deg);
  vertical-align: 2px;
}

.c1 button:hover .locale {
  color: #5c78d7;
}

.c1 button[aria-expanded='true'] .caret {
  -webkit-transform: rotate(180deg);
  -ms-transform: rotate(180deg);
  transform: rotate(180deg);
}

.c1 button[aria-expanded='false'] .caret {
  -webkit-transform: rotate(0deg);
  -ms-transform: rotate(0deg);
  transform: rotate(0deg);
}

.c1 ul {
  box-shadow: -2px 2px 5px #b9b9b9;
}

.c1 li {
  font-family: Open Sans,sans-serif;
  padding: 5px 20px !important;
  text-transform: uppercase;
}

.c1 li img {
  margin-right: 5px;
}

.c1 li:hover {
  cursor: pointer;
  background: rgba(229,229,229,0.5);
}

.c1 li[data-isbold='true'] {
  font-weight: bold;
}

.c0 {
  position: absolute;
  bottom: 0;
  width: 100%;
  height: 60px;
  background-color: #6c757d;
  color: rgba(255,255,255,0.6);
}

.c0 a {
  color: #fff !important;
}

<footer
  className="page-footer font-small blue c0"
>
  <div
    className="footer-copyright text-center py-3"
  >
    <a
      href="/"
      onClick={[Function]}
    >
      <span>
        © 
      </span>
      <span>
        2019 
      </span>
      <span>
        Copyright: Peerania
      </span>
    </a>
    <span
      className="dropdown c1"
    >
      <button
        aria-expanded="false"
        aria-haspopup="true"
        data-toggle="dropdown"
        id="dropdownMenu1"
        type="button"
      >
        <img
          alt="images/en_lang.png"
          src="IMAGE_MOCK"
        />
        <span
          className="locale"
        >
          en
        </span>
        <span
          className="caret"
        >
          ▾
        </span>
      </button>
      <ul
        aria-labelledby="dropdownMenu1"
        className="dropdown-menu p-0"
      >
        <li
          className="pl-2"
          data-isbold={true}
          onClick={[Function]}
          role="presentation"
        >
          <img
            alt="en"
            src="IMAGE_MOCK"
          />
          <span>
            en
          </span>
        </li>
        <li
          className="pl-2"
          data-isbold={false}
          onClick={[Function]}
          role="presentation"
        >
          <img
            alt="ru"
            src="IMAGE_MOCK"
          />
          <span>
            ru
          </span>
        </li>
      </ul>
    </span>
  </div>
</footer>
`;
