// Jest Snapshot v1, https://goo.gl/fbAQLP

exports[`<ScatterInstaller /> should match the snapshot 1`] = `
<div>
  <p>
    <span>
      To complete this action in our app you need to install
    </span>
  </p>
  <h4
    className="text-center"
  >
    <a
      href="https://chrome.google.com/webstore/detail/scatter/ammjpmhgckkpcamddpolhchgomcojkle"
      target="_blank"
    >
      Scatter
    </a>
  </h4>
  <button
    className="btn btn-secondary w-50 d-block my-2 mx-auto py-2"
  >
    <span>
      Next step
    </span>
  </button>
  <button
    className="btn btn-link w-50 d-block my-1 mx-auto py-2"
  >
    <small>
      &lt; 
       
      <span>
        Back to options
      </span>
    </small>
  </button>
</div>
`;
