// Jest Snapshot v1, https://goo.gl/fbAQLP

exports[`CommentOptions test 1`] = `
<div>
  <div
    className="d-flex align-items-center justify-content-between justify-content-sm-start"
  >
    <CommentOptions__ButtonStyled
      onClick={[Function]}
    >
      <img
        alt="***"
        src="IMAGE_MOCK"
      />
      <Span
        className="d-none d-sm-inline-block ml-1"
        color="#576fed"
      >
        <FormattedMessage
          id="app.containers.ViewQuestion.addComment"
          values={Object {}}
        />
      </Span>
    </CommentOptions__ButtonStyled>
  </div>
  <CommentOptions__CommentEditStyled>
    <UNDEFINED
      className="mt-4"
      toggleView={[MockFunction]}
    />
  </CommentOptions__CommentEditStyled>
</div>
`;
