// Jest Snapshot v1, https://goo.gl/fbAQLP

exports[`ContentBody test 1`] = `
<div
  className="content-body"
>
  <TextBlock />
  <ContentOptions
    translations={Object {}}
  />
  <Comments
    translations={Object {}}
  />
  <div
    className="add-comment"
  >
    <Connect(ReduxForm)
      form="app_ViewQuestion_ADD_COMMENT_FORMundefined"
      submitButtonId="app_view_question_post_comment_button"
    />
  </div>
</div>
`;
