// Jest Snapshot v1, https://goo.gl/fbAQLP

exports[`ContentRating snapshot test 1`] = `
<div
  className="content-rating text-center"
>
  <MarkAsAcceptedIcon
    correct_answer_id={0}
    id="app_view_question_mark_as_buttonundefined"
    whoWasAccepted="user123"
  />
  <button
    id="app_view_question_upvote_buttonundefined"
  >
    <FontAwesomeIcon
      border={false}
      className="chevron chevron-up"
      data-voting="chevron-hl-undefined"
      fixedWidth={false}
      flip={null}
      icon="chevron-up"
      inverse={false}
      listItem={false}
      mask={null}
      onClick={[Function]}
      pull={null}
      pulse={false}
      rotation={null}
      size={null}
      spin={false}
      symbol={false}
      title=""
      transform={null}
    />
  </button>
  <span
    className="rating-value"
  >
    0
  </span>
  <button
    id="app_view_question_downvote_buttonundefined"
  >
    <FontAwesomeIcon
      border={false}
      className="chevron chevron-down"
      data-voting="chevron-hl-undefined"
      fixedWidth={false}
      flip={null}
      icon="chevron-down"
      inverse={false}
      listItem={false}
      mask={null}
      onClick={[Function]}
      pull={null}
      pulse={false}
      rotation={null}
      size={null}
      spin={false}
      symbol={false}
      title=""
      transform={null}
    />
  </button>
</div>
`;
