// Jest Snapshot v1, https://goo.gl/fbAQLP

exports[`ContentBody test 1`] = `
<Base
  position="bottom"
>
  <BestAnswerMarker />
  <UNDEFINED />
  <UNDEFINED
    form="app_ViewQuestion_ADD_COMMENT_FORMundefined"
    submitButtonId="app_view_question_post_comment_button"
    translations={Object {}}
  />
</Base>
`;
