// Jest Snapshot v1, https://goo.gl/fbAQLP

exports[`ContentHeader test 1`] = `
<ContentHeader__Box>
  <ContentHeader__RatingBox>
    <UNDEFINED
      userInfo={
        Object {
          "id": 1,
        }
      }
      votingStatus={Object {}}
    />
  </ContentHeader__RatingBox>
  <div
    className="flex-grow-1"
  >
    <Base
      className="d-flex align-items-center justify-content-between"
    >
      <UNDEFINED />
      <div
        className="d-flex align-items-center"
      >
        <UNDEFINED>
          <Span
            className="d-flex align-items-center"
            color="#576fed"
            fontSize="16"
          >
            <img
              alt="icon"
              src="IMAGE_MOCK"
            />
            <span
              className="d-none d-md-inline-block ml-2"
            >
              <FormattedMessage
                id="app.containers.ViewQuestion.editButton"
                values={Object {}}
              />
            </span>
          </Span>
        </UNDEFINED>
        <UNDEFINED
          id="undefined_delete_undefined"
        >
          <Span
            className="d-flex align-items-center"
            color="#576fed"
            fontSize="16"
          >
            <img
              alt="icon"
              src="IMAGE_MOCK"
            />
            <span
              className="d-none d-md-inline-block ml-2"
            >
              <FormattedMessage
                id="app.containers.ViewQuestion.deleteButton"
                values={Object {}}
              />
            </span>
          </Span>
        </UNDEFINED>
        <BlockButton
          className="d-flex align-items-center"
          id="undefined_vote_to_delete_undefined"
        >
          <Span
            className="d-flex align-items-center"
            color="#576fed"
            fontSize="16"
          >
            <img
              alt="icon"
              src="IMAGE_MOCK"
            />
            <span
              className="d-none d-md-inline-block ml-2"
            >
              <FormattedMessage
                id="app.containers.ViewQuestion.voteToDelete"
                values={Object {}}
              />
            </span>
          </Span>
        </BlockButton>
      </div>
    </Base>
  </div>
</ContentHeader__Box>
`;
