// Jest Snapshot v1, https://goo.gl/fbAQLP

exports[`ContentHeader test 1`] = `
<Base
  className="d-flex align-items-center p-0"
  position="top"
>
  <Base>
    <UNDEFINED
      userInfo={
        Object {
          "id": 1,
        }
      }
      votingStatus={Object {}}
    />
  </Base>
  <div
    className="flex-grow-1"
  >
    <Base
      className="d-flex align-items-center justify-content-between"
    >
      <UNDEFINED />
      <div
        className="d-flex align-items-center"
      >
        <UNDEFINED>
          <Span
            className="d-flex align-items-center"
            color="#576fed"
            fontSize="16"
          >
            <img
              alt="icon"
              className="mr-2"
              src="IMAGE_MOCK"
            />
            <FormattedMessage
              id="app.containers.ViewQuestion.editButton"
              values={Object {}}
            />
          </Span>
        </UNDEFINED>
        <UNDEFINED
          id="undefined_delete_undefined"
        >
          <Span
            className="d-flex align-items-center"
            color="#576fed"
            fontSize="16"
          >
            <img
              alt="icon"
              className="mr-2"
              src="IMAGE_MOCK"
            />
            <FormattedMessage
              id="app.containers.ViewQuestion.deleteButton"
              values={Object {}}
            />
          </Span>
        </UNDEFINED>
        <BlockButton
          className="d-flex align-items-center"
          id="undefined_vote_to_delete_undefined"
        >
          <Span
            className="d-flex align-items-center"
            color="#576fed"
            fontSize="16"
          >
            <img
              alt="icon"
              className="mr-2"
              src="IMAGE_MOCK"
            />
            <FormattedMessage
              id="app.containers.ViewQuestion.voteToDelete"
              values={Object {}}
            />
          </Span>
        </BlockButton>
      </div>
    </Base>
  </div>
</Base>
`;
