// Jest Snapshot v1, https://goo.gl/fbAQLP

exports[`MarkAsAcceptedIcon test, return {} 1`] = `
<div
  className="d-inline-flex align-items-center"
  data-answerid={1}
  data-whowasaccepted="whoWasAccepted"
  onClick={[MockFunction]}
>
  <Button
    bg="#FFF"
    className="mr-2"
  >
    <img
      alt="icon"
      className="d-inline-flex"
      src="IMAGE_MOCK"
    />
  </Button>
  <Span
    color="#FFF"
  >
    <FormattedMessage
      id="app.containers.ViewQuestion.theBestAnswer"
      values={Object {}}
    />
  </Span>
</div>
`;

exports[`MarkAsAcceptedIcon test, return null 1`] = `null`;
