// Jest Snapshot v1, https://goo.gl/fbAQLP

exports[`ViewQuestionContainer test 1`] = `
<article
  id="question-is-rendered"
>
  <UNDEFINED
    translations={Object {}}
  />
  <UNDEFINED
    translations={Object {}}
  />
  <Base
    className="mt-5"
  >
    <UNDEFINED
      form="app_ViewQuestion_ADD_ANSWER_FORM"
      sendButtonId="app_view_question_post_answer_button0"
    />
  </Base>
</article>
`;
