// Jest Snapshot v1, https://goo.gl/fbAQLP

exports[`ViewQuestionContainer test 1`] = `
<Box>
  <Question
    translations={Object {}}
  />
  <Answers
    translations={Object {}}
  />
  <Connect(ReduxForm)
    form="app_ViewQuestion_ADD_ANSWER_FORM"
    sendButtonId="app_view_question_post_answer_button0"
    translations={Object {}}
  />
</Box>
`;
