// Jest Snapshot v1, https://goo.gl/fbAQLP

exports[`About test1 1`] = `
<Section
  id="fs2"
>
  <Gradient
    position="top"
  >
    <div
      className="container second-screen"
    >
      <h3
        className="col-lg-12 second-screen-header"
      >
        <FormattedMessage
          id="app.containers.HomePage.differentThan"
          values={Object {}}
        />
      </h3>
      <div
        className="row second-screen-elements"
      >
        <ul
          className="col-lg-12 main-difference"
        >
          <div
            className="row"
          >
            <li
              className="col-lg-4"
            >
              <div
                className="card row"
              >
                <div
                  className="col-lg-12"
                >
                  <img
                    alt="rewardingImg"
                    src="IMAGE_MOCK"
                  />
                </div>
                <div
                  className="card-body"
                >
                  <h4
                    className="item-title"
                  >
                    <FormattedMessage
                      id="app.containers.HomePage.rewardingUser"
                      values={Object {}}
                    />
                  </h4>
                  <p
                    className="item-content"
                  >
                    <FormattedMessage
                      id="app.containers.HomePage.peopleSaveHours"
                      values={Object {}}
                    />
                  </p>
                </div>
              </div>
            </li>
            <li
              className="col-lg-4"
            >
              <div
                className="card row"
              >
                <div
                  className="col-lg-12"
                >
                  <img
                    alt="ownershipImg"
                    src="IMAGE_MOCK"
                  />
                </div>
                <div
                  className="card-body"
                >
                  <h4
                    className="item-title"
                  >
                    <FormattedMessage
                      id="app.containers.HomePage.ownershipByUsers"
                      values={Object {}}
                    />
                  </h4>
                  <p
                    className="item-content"
                  >
                    <FormattedMessage
                      id="app.containers.HomePage.peeraniaDecentralized"
                      values={Object {}}
                    />
                  </p>
                </div>
              </div>
            </li>
            <li
              className="col-lg-4"
            >
              <div
                className="card row"
              >
                <div>
                  <img
                    alt="valuingImg"
                    src="IMAGE_MOCK"
                  />
                </div>
                <div
                  className="card-body"
                >
                  <h4
                    className="item-title"
                  >
                    <FormattedMessage
                      id="app.containers.HomePage.earlyAdopters"
                      values={Object {}}
                    />
                  </h4>
                  <p
                    className="item-content"
                  >
                    <FormattedMessage
                      id="app.containers.HomePage.peeraniaPhilosophy"
                      values={Object {}}
                    />
                  </p>
                </div>
              </div>
            </li>
          </div>
        </ul>
      </div>
    </div>
  </Gradient>
  <div
    className="container second-screen"
  >
    <div
      className="row second-screen-elements"
    >
      <ul
        className="col-lg-12 list-items"
      >
        <div
          className="row"
        >
          <li
            className="col-lg-12"
          >
            <div
              className="row"
            >
              <div
                className="d-none d-md-block col-lg-6 block1"
              >
                <img
                  alt="simpleAndAffordable"
                  className="about-page-image"
                  src="IMAGE_MOCK"
                />
              </div>
              <div
                className="col-lg-6 block2"
              >
                <div
                  className="row about-page-text-animation"
                >
                  <h5
                    className="col-lg-12 text-1"
                  >
                    <FormattedMessage
                      id="app.containers.HomePage.simpleAndAffordable"
                      values={Object {}}
                    />
                  </h5>
                  <h5
                    className="col-lg-12 text-2"
                  >
                    <FormattedMessage
                      id="app.containers.HomePage.getHelp"
                      values={Object {}}
                    />
                  </h5>
                  <div
                    className="d-block d-md-none col-lg-12"
                  >
                    <img
                      alt="simpleAndAffordable"
                      src="IMAGE_MOCK"
                    />
                  </div>
                  <p
                    className="col-lg-12 text-3"
                  >
                    <FormattedMessage
                      id="app.containers.HomePage.askQuestionAndGetHelp"
                      values={Object {}}
                    />
                  </p>
                </div>
              </div>
            </div>
          </li>
          <li
            className="col-lg-12"
          >
            <div
              className="row"
            >
              <div
                className="d-none d-md-block col-lg-6 block1"
              >
                <img
                  alt="helpfulAndGenerous"
                  className="about-page-image"
                  src="IMAGE_MOCK"
                />
              </div>
              <div
                className="col-lg-6 block2"
              >
                <div
                  className="row about-page-text-animation"
                >
                  <h5
                    className="col-lg-12 text-1"
                  >
                    <FormattedMessage
                      id="app.containers.HomePage.helpfulAndGenerous"
                      values={Object {}}
                    />
                  </h5>
                  <h5
                    className="col-lg-12 text-2"
                  >
                    <FormattedMessage
                      id="app.containers.HomePage.shareKnowledge"
                      values={Object {}}
                    />
                  </h5>
                  <div
                    className="d-block d-md-none col-lg-12"
                  >
                    <img
                      alt="helpfulAndGenerous"
                      src="IMAGE_MOCK"
                    />
                  </div>
                  <p
                    className="col-lg-12 text-3"
                  >
                    <FormattedMessage
                      id="app.containers.HomePage.helpCommunity"
                      values={Object {}}
                    />
                  </p>
                </div>
              </div>
            </div>
          </li>
          <li
            className="col-lg-12"
          >
            <div
              className="row"
            >
              <div
                className="d-none d-md-block col-lg-6 block1"
              >
                <img
                  alt="profitableAndModern"
                  className="about-page-image"
                  src="IMAGE_MOCK"
                />
              </div>
              <div
                className="col-lg-6 block2"
              >
                <div
                  className="row about-page-text-animation"
                >
                  <h5
                    className="col-lg-12 text-1"
                  >
                    <FormattedMessage
                      id="app.containers.HomePage.profitableAndModern"
                      values={Object {}}
                    />
                  </h5>
                  <h5
                    className="col-lg-12 text-2"
                  >
                    <FormattedMessage
                      id="app.containers.HomePage.getPaidInCrypto"
                      values={Object {}}
                    />
                  </h5>
                  <div
                    className="d-block d-md-none col-lg-12"
                  >
                    <img
                      alt="profitableAndModern"
                      src="IMAGE_MOCK"
                    />
                  </div>
                  <p
                    className="col-lg-12 text-3"
                  >
                    <FormattedMessage
                      id="app.containers.HomePage.getPaidInCryptoFromWeekly"
                      values={Object {}}
                    />
                  </p>
                </div>
              </div>
            </div>
          </li>
          <li
            className="col-lg-12"
          >
            <div
              className="row"
            >
              <div
                className="d-none d-md-block col-lg-6 block1"
              >
                <img
                  alt="worthyAndPrestig"
                  className="about-page-image"
                  src="IMAGE_MOCK"
                />
              </div>
              <div
                className="col-lg-6 block2"
              >
                <div
                  className="row about-page-text-animation"
                >
                  <h5
                    className="col-lg-12 text-1"
                  >
                    <FormattedMessage
                      id="app.containers.HomePage.worthyAndPrestig"
                      values={Object {}}
                    />
                  </h5>
                  <h5
                    className="col-lg-12 text-2"
                  >
                    <FormattedMessage
                      id="app.containers.HomePage.earnReputation"
                      values={Object {}}
                    />
                  </h5>
                  <div
                    className="d-block d-md-none col-lg-12"
                  >
                    <img
                      alt="worthyAndPrestig"
                      src="IMAGE_MOCK"
                    />
                  </div>
                  <p
                    className="col-lg-12 text-3"
                  >
                    <FormattedMessage
                      id="app.containers.HomePage.whetherYouAsk"
                      values={Object {}}
                    />
                  </p>
                </div>
              </div>
            </div>
          </li>
          <li
            className="col-lg-12"
          >
            <div
              className="row"
            >
              <div
                className="d-none d-md-block col-lg-6 block1"
              >
                <img
                  alt="honorableAndFascinating"
                  className="about-page-image"
                  src="IMAGE_MOCK"
                />
              </div>
              <div
                className="col-lg-6 block2"
              >
                <div
                  className="row about-page-text-animation"
                >
                  <h5
                    className="col-lg-12 text-1"
                  >
                    <FormattedMessage
                      id="app.containers.HomePage.honorableAndFascinating"
                      values={Object {}}
                    />
                  </h5>
                  <h5
                    className="col-lg-12 text-2"
                  >
                    <FormattedMessage
                      id="app.containers.HomePage.ruleThePlatform"
                      values={Object {}}
                    />
                  </h5>
                  <div
                    className="d-block d-md-none col-lg-12"
                  >
                    <img
                      alt="honorableAndFascinating"
                      src="IMAGE_MOCK"
                    />
                  </div>
                  <p
                    className="col-lg-12 text-3"
                  >
                    <FormattedMessage
                      id="app.containers.HomePage.participateInModeration"
                      values={Object {}}
                    />
                  </p>
                </div>
              </div>
            </div>
          </li>
        </div>
      </ul>
    </div>
  </div>
</Section>
`;
