// Jest Snapshot v1, https://goo.gl/fbAQLP

exports[`ContainedButton test1 1`] = `
<ContainedButton__Wrapper
  className="contained-button-wrapper"
>
  <WithStyles(Button)
    className="contained-button"
    disabled={false}
    onClick={[Function]}
    type="button"
    variant="contained"
  >
    <span />
  </WithStyles(Button)>
</ContainedButton__Wrapper>
`;
