// Jest Snapshot v1, https://goo.gl/fbAQLP

exports[`Rewards test 1`] = `
<Section
  id="fs3"
>
  <div
    className="container"
  >
    <div
      className="row justify-content-center align-items-center"
    >
      <div
        className="col-12"
      >
        <div
          className="row justify-content-center"
        >
          <h2
            className="col-12 col-lg-8 title"
          >
            <FormattedMessage
              id="app.containers.HomePage.beTheFirst"
              values={Object {}}
            />
          </h2>
        </div>
        <div
          className="row justify-content-center"
        >
          <p
            className="col-12 col-lg-8 content-body"
          >
            <FormattedMessage
              id="app.containers.HomePage.rewardsPool"
              values={Object {}}
            />
          </p>
        </div>
        <div
          className="row justify-content-center"
        >
          <div
            className="col-12 col-md-8 col-xl-5 bottom-level mx-auto"
          >
            <ReduxForm
              button={
                Object {
                  "id": "app.containers.HomePage.getReward",
                }
              }
              form="REWARDS"
            />
          </div>
        </div>
      </div>
    </div>
  </div>
</Section>
`;
