// Jest Snapshot v1, https://goo.gl/fbAQLP

exports[`Team test 1`] = `
<Gradient
  position="bottom"
>
  <Section
    id="team"
  >
    <div
      className="container"
    >
      <div
        className="row fifth-screen"
      >
        <h2
          className="col-lg-12 fifth-screen-header"
        >
          <FormattedMessage
            id="app.containers.HomePage.ourTeam"
            values={Object {}}
          />
        </h2>
      </div>
    </div>
    <div
      className="container"
    >
      <div
        className="row fifth-screen"
      >
        <div
          className="col-12 fifth-screen-content"
        >
          <div
            className="team-avatars"
          >
            <ul
              className="row"
            >
              <li
                className="col-12 col-lg-6 teammate-card"
              >
                <img
                  alt="steveKreynin"
                  src="IMAGE_MOCK"
                />
                <p
                  className="d-flex flex-column"
                >
                  <span
                    className="name"
                  >
                    <span />
                    <Team__LinkIn
                      href="https://www.linkedin.com/in/stevekreynin/"
                      target="_blank"
                    />
                  </span>
                  <span
                    className="role"
                  />
                  <span
                    className="description"
                  />
                </p>
              </li>
              <li
                className="col-12 col-lg-6 teammate-card"
              >
                <img
                  alt="sergeyIlin"
                  src="IMAGE_MOCK"
                />
                <p
                  className="d-flex flex-column"
                >
                  <span
                    className="name"
                  >
                    <span />
                    <Team__LinkIn
                      href="https://www.linkedin.com/in/sergeyilinn/"
                      target="_blank"
                    />
                  </span>
                  <span
                    className="role"
                  />
                  <span
                    className="description"
                  />
                </p>
              </li>
              <li
                className="col-12 col-lg-6 teammate-card"
              >
                <img
                  alt="nikitaSyr"
                  src="IMAGE_MOCK"
                />
                <p
                  className="d-flex flex-column"
                >
                  <span
                    className="name"
                  />
                  <span
                    className="role"
                  />
                  <span
                    className="description"
                  />
                </p>
              </li>
              <li
                className="col-12 col-lg-6 teammate-card"
              >
                <img
                  alt="romRem"
                  src="IMAGE_MOCK"
                />
                <p
                  className="d-flex flex-column"
                >
                  <span
                    className="name"
                  />
                  <span
                    className="role"
                  />
                  <span
                    className="description"
                  />
                </p>
              </li>
              <li
                className="col-12 col-lg-6 teammate-card"
              >
                <img
                  alt="ulyanaPopova"
                  src="IMAGE_MOCK"
                />
                <p
                  className="d-flex flex-column"
                >
                  <span
                    className="name"
                  />
                  <span
                    className="role"
                  />
                  <span
                    className="description"
                  />
                </p>
              </li>
              <li
                className="col-12 col-lg-6 teammate-card"
              >
                <img
                  alt="olgaFyodorova"
                  src="IMAGE_MOCK"
                />
                <p
                  className="d-flex flex-column"
                >
                  <span
                    className="name"
                  />
                  <span
                    className="role"
                  />
                  <span
                    className="description"
                  />
                </p>
              </li>
            </ul>
          </div>
          <div
            className="row"
          >
            <div
              className="col-12 col-lg-5"
            >
              <p
                className="info-appreciate"
              >
                <img
                  alt="letter"
                  className="mb-4"
                  src="IMAGE_MOCK"
                />
                <FormattedMessage
                  id="app.containers.HomePage.weAppreciate"
                  values={Object {}}
                />
              </p>
            </div>
            <div
              className="col-12 col-lg-5 offset-lg-1 send-message-form"
            >
              <ReduxForm
                form="containers_homepage_SEND_MESSAGE_FORM"
                translations={Object {}}
              />
              <button
                className="icon-arrow-up d-none d-xl-flex"
                onClick={[Function]}
              >
                <img
                  alt="arrowUp"
                  src="IMAGE_MOCK"
                />
              </button>
            </div>
          </div>
        </div>
      </div>
    </div>
  </Section>
</Gradient>
`;
