// Jest Snapshot v1, https://goo.gl/fbAQLP

exports[`<NoAccess /> should match the snapshot 1`] = `
<div
  className="container"
>
  <UNDEFINED
    description="No access"
    index={false}
    language="en"
    title="No access"
  />
  <div
    className="text-center pt-3"
  >
    <FormattedMessage
      defaultMessage="No access to complete this action!"
      id="app.components.NoAccess.errorMessage"
      values={Object {}}
    />
  </div>
</div>
`;
